###############################################################################
#
# IAR ELF Linker V2.20.1.176 for STM8                     09/Apr/2019  09:56:52
# Copyright 2010-2015 IAR Systems AB.
#
#    Output file  =  
#        C:\Users\USER\Desktop\Seven-segment display(demo)\Projects
#        File\Debug\Exe\templproj.out.tmp
#    Map file     =  
#        C:\Users\USER\Desktop\Seven-segment display(demo)\Projects
#        File\Debug\List\templproj.map
#    Command line =  
#        "C:\Users\USER\Desktop\Seven-segment display(demo)\Projects
#        File\Debug\Obj\main.o" "C:\Users\USER\Desktop\Seven-segment
#        display(demo)\Projects File\Debug\Obj\stm8s_adc1.o"
#        "C:\Users\USER\Desktop\Seven-segment display(demo)\Projects
#        File\Debug\Obj\stm8s_awu.o" "C:\Users\USER\Desktop\Seven-segment
#        display(demo)\Projects File\Debug\Obj\stm8s_beep.o"
#        "C:\Users\USER\Desktop\Seven-segment display(demo)\Projects
#        File\Debug\Obj\stm8s_clk.o" "C:\Users\USER\Desktop\Seven-segment
#        display(demo)\Projects File\Debug\Obj\stm8s_exti.o"
#        "C:\Users\USER\Desktop\Seven-segment display(demo)\Projects
#        File\Debug\Obj\stm8s_flash.o" "C:\Users\USER\Desktop\Seven-segment
#        display(demo)\Projects File\Debug\Obj\stm8s_gpio.o"
#        "C:\Users\USER\Desktop\Seven-segment display(demo)\Projects
#        File\Debug\Obj\stm8s_i2c.o" "C:\Users\USER\Desktop\Seven-segment
#        display(demo)\Projects File\Debug\Obj\stm8s_it.o"
#        "C:\Users\USER\Desktop\Seven-segment display(demo)\Projects
#        File\Debug\Obj\stm8s_itc.o" "C:\Users\USER\Desktop\Seven-segment
#        display(demo)\Projects File\Debug\Obj\stm8s_iwdg.o"
#        "C:\Users\USER\Desktop\Seven-segment display(demo)\Projects
#        File\Debug\Obj\stm8s_rst.o" "C:\Users\USER\Desktop\Seven-segment
#        display(demo)\Projects File\Debug\Obj\stm8s_spi.o"
#        "C:\Users\USER\Desktop\Seven-segment display(demo)\Projects
#        File\Debug\Obj\stm8s_tim1.o" "C:\Users\USER\Desktop\Seven-segment
#        display(demo)\Projects File\Debug\Obj\stm8s_tim2.o"
#        "C:\Users\USER\Desktop\Seven-segment display(demo)\Projects
#        File\Debug\Obj\stm8s_tim4.o" "C:\Users\USER\Desktop\Seven-segment
#        display(demo)\Projects File\Debug\Obj\stm8s_uart1.o"
#        "C:\Users\USER\Desktop\Seven-segment display(demo)\Projects
#        File\Debug\Obj\stm8s_wwdg.o" --redirect _Printf=_PrintfFullNoMb
#        --redirect _Scanf=_ScanfFullNoMb -o
#        "C:\Users\USER\Desktop\Seven-segment display(demo)\Projects
#        File\Debug\Exe\templproj.out.tmp" --map
#        "C:\Users\USER\Desktop\Seven-segment display(demo)\Projects
#        File\Debug\List\templproj.map" --config "C:\Program Files (x86)\IAR
#        Systems\Embedded Workbench 7.3\stm8\config\lnkstm8s003f3.icf"
#        --config_def _CSTACK_SIZE=0x100 --config_def _HEAP_SIZE=0x100 --entry
#        __iar_program_start --debug_lib
#
###############################################################################

*******************************************************************************
*** RUNTIME MODEL ATTRIBUTES
***

__SystemLibrary            = DLib
__code_model               = small
__core                     = stm8
__data_model               = medium
__dlib_file_descriptor     = 0
__dlib_full_locale_support = 0
__rt_version               = 4


*******************************************************************************
*** PLACEMENT SUMMARY
***

"A1":  place at start of [0x000000-0x0000ff] { rw section .vregs };
"A2":  place at end of [0x000000-0x0003ff] { block CSTACK };
"P2":  place in [from 0x000000 to 0x0003ff] {
          block HEAP, rw section __DLIB_PERTHREAD, rw section .far.bss,
          rw section .far.data, rw section .far.noinit,
          rw section .far_func.textrw, rw section .huge.bss,
          rw section .huge.data, rw section .huge.noinit,
          rw section .huge_func.textrw, rw section .iar.dynexit,
          rw section .near.bss, rw section .near.data, rw section .near.noinit,
          rw section .near_func.textrw };
"A3":  place at start of [0x008000-0x009fff] { block INTVEC };
"P3":  place in [from 0x008000 to 0x009fff] {
          ro section __DLIB_PERTHREAD_init, ro section .far.data_init,
          ro section .far_func.textrw_init, ro section .huge.data_init,
          ro section .huge_func.textrw_init, ro section .iar.init_table,
          ro section .init_array, ro section .near.data_init,
          ro section .near.rodata, ro section .near_func.text,
          ro section .near_func.textrw_init, ro section .tiny.data_init,
          ro section .tiny.rodata_init };

  Section            Kind      Address   Size  Object
  -------            ----      -------   ----  ------
"A1":                                    0x10
  .vregs             uninit   0x000000   0x10  vregs.o [4]
                            - 0x000010   0x10

"P2":                                    0x1f
  P2-1                        0x000010   0x1f  <Init block>
    .near.data       inited   0x000010   0x14  main.o [1]
    .near.bss        inited   0x000024    0x1  main.o [1]
    .near.bss        inited   0x000025    0x1  main.o [1]
    .near.bss        inited   0x000026    0x2  main.o [1]
    .near.bss        inited   0x000028    0x1  main.o [1]
    .near.bss        inited   0x000029    0x1  main.o [1]
    .near.bss        inited   0x00002a    0x1  main.o [1]
    .near.bss        inited   0x00002b    0x4  main.o [1]
                            - 0x00002f   0x1f

"A2":                                   0x100
  CSTACK                      0x000300  0x100  <Block>
    CSTACK           uninit   0x000300  0x100  <Block tail>
                            - 0x000400  0x100

"A3":                                    0x80
  INTVEC                      0x008000   0x80  <Block>
    .intvec          const    0x008000   0x80  interrupt.o [4]
                            - 0x008080   0x80

"P3":                                   0xbd9
  .near_func.text    ro code  0x008080  0x131  stm8s_clk.o [1]
  .near_func.text    ro code  0x0081b1  0x114  stm8s_gpio.o [1]
  .near_func.text    ro code  0x0082c5   0xed  main.o [1]
  .near_func.text    ro code  0x0083b2   0xd9  main.o [1]
  .near_func.text    ro code  0x00848b   0x9d  main.o [1]
  .near_func.text    ro code  0x008528   0x9c  main.o [1]
  .near_func.text    ro code  0x0085c4   0x97  vreg_util.o [4]
  .near_func.text    ro code  0x00865b   0x8b  stm8s_clk.o [1]
  .near_func.text    ro code  0x0086e6   0x5f  main.o [1]
  .near_func.text    ro code  0x008745   0x55  stm8s_tim2.o [1]
  .near_func.text    ro code  0x00879a   0x51  stm8s_tim4.o [1]
  .near_func.text    ro code  0x0087eb   0x50  stm8s_tim4.o [1]
  .near.rodata       const    0x00883b   0x4d  stm8s_gpio.o [1]
  .near.rodata       const    0x008888   0x4d  stm8s_tim2.o [1]
  .near.rodata       const    0x0088d5   0x4d  stm8s_tim4.o [1]
  .near.rodata       const    0x008922   0x4c  stm8s_clk.o [1]
  .near_func.text    ro code  0x00896e   0x47  main.o [1]
  .near_func.text    ro code  0x0089b5   0x43  stm8s_tim4.o [1]
  .near_func.text    ro code  0x0089f8   0x36  stm8s_clk.o [1]
  .near_func.text    ro code  0x008a2e   0x30  main.o [1]
  .near_func.text    ro code  0x008a5e   0x2f  stm8s_tim4.o [1]
  .near_func.text    ro code  0x008a8d   0x28  stm8s_tim2.o [1]
  .near_func.text    ro code  0x008ab5   0x28  init_small.o [4]
  .near_func.text    ro code  0x008add   0x24  stm8s_tim4.o [1]
  .near_func.text    ro code  0x008b01   0x24  stm8s_tim4.o [1]
  .iar.init_table    const    0x008b25    0xa  - Linker created -
  Initializer bytes  const    0x008b2f   0x1f  <for P2-1>
  .near_func.text    ro code  0x008b4e   0x1d  main.o [1]
  .near_func.text    ro code  0x008b6b   0x19  main.o [1]
  .near_func.text    ro code  0x008b84   0x18  main.o [1]
  .near_func.text    ro code  0x008b9c   0x17  init.o [4]
  .near_func.text    ro code  0x008bb3   0x16  stm8s_it.o [1]
  .near_func.text    ro code  0x008bc9   0x16  stm8s_it.o [1]
  .near_func.text    ro code  0x008bdf   0x14  __dbg_xxexit.o [3]
  .near_func.text    ro code  0x008bf3   0x13  cstartup.o [4]
  .near_func.text    ro code  0x008c06   0x12  main.o [1]
  .near_func.text    ro code  0x008c18    0x9  stm8s_gpio.o [1]
  .near_func.text    ro code  0x008c21    0x7  stm8s_gpio.o [1]
  .near_func.text    ro code  0x008c28    0x7  stm8s_gpio.o [1]
  .near_func.text    ro code  0x008c2f    0x5  cexit.o [4]
  .near_func.text    ro code  0x008c34    0x4  stm8s_gpio.o [1]
  .near_func.text    ro code  0x008c38    0x3  interrupt.o [4]
  .near_func.text    ro code  0x008c3b    0x3  low_level_init.o [4]
  .near_func.text    ro code  0x008c3e    0x3  exit.o [4]
  .near_func.text    ro code  0x008c41    0x3  unhandled_exception.o [4]
  .near_func.text    ro code  0x008c44    0x2  main.o [1]
  .near_func.text    ro code  0x008c46    0x1  stm8s_it.o [1]
  .near_func.text    ro code  0x008c47    0x1  stm8s_it.o [1]
  .near_func.text    ro code  0x008c48    0x1  stm8s_it.o [1]
  .near_func.text    ro code  0x008c49    0x1  stm8s_it.o [1]
  .near_func.text    ro code  0x008c4a    0x1  stm8s_it.o [1]
  .near_func.text    ro code  0x008c4b    0x1  stm8s_it.o [1]
  .near_func.text    ro code  0x008c4c    0x1  stm8s_it.o [1]
  .near_func.text    ro code  0x008c4d    0x1  stm8s_it.o [1]
  .near_func.text    ro code  0x008c4e    0x1  stm8s_it.o [1]
  .near_func.text    ro code  0x008c4f    0x1  stm8s_it.o [1]
  .near_func.text    ro code  0x008c50    0x1  stm8s_it.o [1]
  .near_func.text    ro code  0x008c51    0x1  stm8s_it.o [1]
  .near_func.text    ro code  0x008c52    0x1  stm8s_it.o [1]
  .near_func.text    ro code  0x008c53    0x1  stm8s_it.o [1]
  .near_func.text    ro code  0x008c54    0x1  stm8s_it.o [1]
  .near_func.text    ro code  0x008c55    0x1  stm8s_it.o [1]
  .near_func.text    ro code  0x008c56    0x1  stm8s_it.o [1]
  .near_func.text    ro code  0x008c57    0x1  stm8s_it.o [1]
  .near_func.text    ro code  0x008c58    0x1  __dbg_break.o [3]
                            - 0x008c59  0xbd9


*******************************************************************************
*** INIT TABLE
***

          Address   Size
          -------   ----
Copy (__iar_copy_init2)
    1 source range, total size 0x1f:
          0x008b2f  0x1f
    1 destination range, total size 0x1f:
          0x000010  0x1f



*******************************************************************************
*** MODULE SUMMARY
***

    Module                 ro code  ro data  rw data
    ------                 -------  -------  -------
C:\Users\USER\Desktop\Seven-segment display(demo)\Projects File\Debug\Obj: [1]
    main.o                   1 079       31       31
    stm8s_clk.o                498       76
    stm8s_gpio.o               303       77
    stm8s_it.o                  62
    stm8s_tim2.o               125       77
    stm8s_tim4.o               347       77
    ------------------------------------------------
    Total:                   2 414      338       31

command line: [2]
    ------------------------------------------------
    Total:

dbgstm8smd.a: [3]
    __dbg_break.o                1
    __dbg_xxexit.o              20
    ------------------------------------------------
    Total:                      21

dlstm8smn.a: [4]
    cexit.o                      5
    cstartup.o                  19
    exit.o                       3
    init.o                      23
    init_small.o                40
    interrupt.o                  3      128
    low_level_init.o             3
    unhandled_exception.o        3
    vreg_util.o                151
    vregs.o                                       16
    ------------------------------------------------
    Total:                     250      128       16

    Linker created                       10      256
----------------------------------------------------
    Grand Total:             2 685      476      303


*******************************************************************************
*** ENTRY LIST
***

Entry                    Address   Size  Type      Object
-----                    -------   ----  ----      ------
.iar.init_table$$Base   0x008b25          --   Gb  - Linker created -
.iar.init_table$$Limit  0x008b2f          --   Gb  - Linker created -
?b0                     0x000000         Data  Gb  vregs.o [4]
?b1                     0x000001         Data  Gb  vregs.o [4]
?b10                    0x00000a         Data  Gb  vregs.o [4]
?b11                    0x00000b         Data  Gb  vregs.o [4]
?b12                    0x00000c         Data  Gb  vregs.o [4]
?b13                    0x00000d         Data  Gb  vregs.o [4]
?b14                    0x00000e         Data  Gb  vregs.o [4]
?b15                    0x00000f         Data  Gb  vregs.o [4]
?b2                     0x000002         Data  Gb  vregs.o [4]
?b3                     0x000003         Data  Gb  vregs.o [4]
?b4                     0x000004         Data  Gb  vregs.o [4]
?b5                     0x000005         Data  Gb  vregs.o [4]
?b6                     0x000006         Data  Gb  vregs.o [4]
?b7                     0x000007         Data  Gb  vregs.o [4]
?b8                     0x000008         Data  Gb  vregs.o [4]
?b9                     0x000009         Data  Gb  vregs.o [4]
?e0                     0x000001         Data  Gb  vregs.o [4]
?e1                     0x000005         Data  Gb  vregs.o [4]
?e2                     0x000009         Data  Gb  vregs.o [4]
?e3                     0x00000d         Data  Gb  vregs.o [4]
?epilogue_l2            0x00864c         Code  Gb  vreg_util.o [4]
?epilogue_l2_w6         0x008650         Code  Gb  vreg_util.o [4]
?epilogue_w4            0x008657         Code  Gb  vreg_util.o [4]
?l0                     0x000000         Data  Gb  vregs.o [4]
?l1                     0x000004         Data  Gb  vregs.o [4]
?l2                     0x000008         Data  Gb  vregs.o [4]
?l3                     0x00000c         Data  Gb  vregs.o [4]
?pop_l0                 0x008623         Code  Gb  vreg_util.o [4]
?pop_l1                 0x00862e         Code  Gb  vreg_util.o [4]
?pop_l2                 0x008639         Code  Gb  vreg_util.o [4]
?pop_w4                 0x0085e1         Code  Gb  vreg_util.o [4]
?pop_w6                 0x0085e8         Code  Gb  vreg_util.o [4]
?push_l0                0x0085f7         Code  Gb  vreg_util.o [4]
?push_l1                0x0085fc         Code  Gb  vreg_util.o [4]
?push_l2                0x008601         Code  Gb  vreg_util.o [4]
?push_w4                0x0085c4         Code  Gb  vreg_util.o [4]
?push_w6                0x0085c9         Code  Gb  vreg_util.o [4]
?w0                     0x000000         Data  Gb  vregs.o [4]
?w1                     0x000002         Data  Gb  vregs.o [4]
?w2                     0x000004         Data  Gb  vregs.o [4]
?w3                     0x000006         Data  Gb  vregs.o [4]
?w4                     0x000008         Data  Gb  vregs.o [4]
?w5                     0x00000a         Data  Gb  vregs.o [4]
?w6                     0x00000c         Data  Gb  vregs.o [4]
?w7                     0x00000e         Data  Gb  vregs.o [4]
ADC1_IRQHandler         0x008c56    0x1  Code  Gb  stm8s_it.o [1]
AWU_IRQHandler          0x008c48    0x1  Code  Gb  stm8s_it.o [1]
CLK_ClockSwitchConfig   0x008080  0x131  Code  Gb  stm8s_clk.o [1]
CLK_DeInit              0x0089f8   0x36  Code  Gb  stm8s_clk.o [1]
CLK_IRQHandler          0x008c49    0x1  Code  Gb  stm8s_it.o [1]
CLK_SYSCLKConfig        0x00865b   0x8b  Code  Gb  stm8s_clk.o [1]
CSTACK$$Base            0x000300          --   Gb  - Linker created -
CSTACK$$Limit           0x000400          --   Gb  - Linker created -
Code7Seg                0x000010   0x14  Data  Gb  main.o [1]
EEPROM_EEC_IRQHandler   0x008c57    0x1  Code  Gb  stm8s_it.o [1]
EXTI_PORTA_IRQHandler   0x008c4a    0x1  Code  Gb  stm8s_it.o [1]
EXTI_PORTB_IRQHandler   0x008c4b    0x1  Code  Gb  stm8s_it.o [1]
EXTI_PORTC_IRQHandler   0x008c4c    0x1  Code  Gb  stm8s_it.o [1]
EXTI_PORTD_IRQHandler   0x008c4d    0x1  Code  Gb  stm8s_it.o [1]
EXTI_PORTE_IRQHandler   0x008c4e    0x1  Code  Gb  stm8s_it.o [1]
GPIO_Config             0x008a2e   0x30  Code  Lc  main.o [1]
GPIO_Init               0x0081b1  0x114  Code  Gb  stm8s_gpio.o [1]
GPIO_ReadInputPin       0x008c18    0x9  Code  Gb  stm8s_gpio.o [1]
GPIO_WriteHigh          0x008c21    0x7  Code  Gb  stm8s_gpio.o [1]
GPIO_WriteLow           0x008c34    0x4  Code  Gb  stm8s_gpio.o [1]
GPIO_WriteReverse       0x008c28    0x7  Code  Gb  stm8s_gpio.o [1]
I2C_IRQHandler          0x008c55    0x1  Code  Gb  stm8s_it.o [1]
INTVEC$$Base            0x008000          --   Gb  - Linker created -
INTVEC$$Limit           0x008080          --   Gb  - Linker created -
LED_7SEG                0x0083b2   0xd9  Code  Gb  main.o [1]
LED_DATA                0x00002b    0x4  Data  Gb  main.o [1]
LED_DD                  0x0086e6   0x5f  Code  Gb  main.o [1]
LED_Time                0x00848b   0x9d  Code  Gb  main.o [1]
Region$$Table$$Base     0x008b25          --   Gb  - Linker created -
Region$$Table$$Limit    0x008b2f          --   Gb  - Linker created -
SPI_IRQHandler          0x008c4f    0x1  Code  Gb  stm8s_it.o [1]
SW_time                 0x000025    0x1  Data  Gb  main.o [1]
TIM1_CAP_COM_IRQHandler
                        0x008c51    0x1  Code  Gb  stm8s_it.o [1]
TIM1_UPD_OVF_TRG_BRK_IRQHandler
                        0x008c50    0x1  Code  Gb  stm8s_it.o [1]
TIM2_CAP_COM_IRQHandler
                        0x008c52    0x1  Code  Gb  stm8s_it.o [1]
TIM2_ClearITPendingBit  0x008a8d   0x28  Code  Gb  stm8s_tim2.o [1]
TIM2_GetITStatus        0x008745   0x55  Code  Gb  stm8s_tim2.o [1]
TIM2_UPD_OVF_BRK_IRQHandler
                        0x008bb3   0x16  Code  Gb  stm8s_it.o [1]
TIM4_ClearFlag          0x008add   0x24  Code  Gb  stm8s_tim4.o [1]
TIM4_ClearITPendingBit  0x008b01   0x24  Code  Gb  stm8s_tim4.o [1]
TIM4_Cmd                0x008a5e   0x2f  Code  Gb  stm8s_tim4.o [1]
TIM4_Config             0x008b4e   0x1d  Code  Lc  main.o [1]
TIM4_GetITStatus        0x0089b5   0x43  Code  Gb  stm8s_tim4.o [1]
TIM4_ITConfig           0x0087eb   0x50  Code  Gb  stm8s_tim4.o [1]
TIM4_TimeBaseInit       0x00879a   0x51  Code  Gb  stm8s_tim4.o [1]
TIM4_UPD_OVF_IRQHandler
                        0x008bc9   0x16  Code  Gb  stm8s_it.o [1]
TLI_IRQHandler          0x008c47    0x1  Code  Gb  stm8s_it.o [1]
TRAP_IRQHandler         0x008c46    0x1  Code  Gb  stm8s_it.o [1]
UART1_RX_IRQHandler     0x008c54    0x1  Code  Gb  stm8s_it.o [1]
UART1_TX_IRQHandler     0x008c53    0x1  Code  Gb  stm8s_it.o [1]
__DebugBreak            0x008c58    0x1  Code  Gb  __dbg_break.o [3]
__exit                  0x008bdf   0x14  Code  Gb  __dbg_xxexit.o [3]
__iar_copy_init2        0x008ab5         Code  Gb  init_small.o [4]
__iar_data_init2        0x008b9c   0x17  Code  Gb  init.o [4]
__iar_program_start     0x008bf3         Code  Gb  cstartup.o [4]
__iar_unhandled_exception
                        0x008c41         Code  Gb  unhandled_exception.o [4]
__intvec                0x008000         Data  Gb  interrupt.o [4]
__low_level_init        0x008c3b    0x3  Code  Gb  low_level_init.o [4]
_exit                   0x008c2f         Code  Gb  cexit.o [4]
_interrupt_1            0x008c46         Code  Gb  stm8s_it.o [1]
_interrupt_12           0x008c4f         Code  Gb  stm8s_it.o [1]
_interrupt_13           0x008c50         Code  Gb  stm8s_it.o [1]
_interrupt_14           0x008c51         Code  Gb  stm8s_it.o [1]
_interrupt_15           0x008bb3         Code  Gb  stm8s_it.o [1]
_interrupt_16           0x008c52         Code  Gb  stm8s_it.o [1]
_interrupt_19           0x008c53         Code  Gb  stm8s_it.o [1]
_interrupt_2            0x008c47         Code  Gb  stm8s_it.o [1]
_interrupt_20           0x008c54         Code  Gb  stm8s_it.o [1]
_interrupt_21           0x008c55         Code  Gb  stm8s_it.o [1]
_interrupt_24           0x008c56         Code  Gb  stm8s_it.o [1]
_interrupt_25           0x008bc9         Code  Gb  stm8s_it.o [1]
_interrupt_26           0x008c57         Code  Gb  stm8s_it.o [1]
_interrupt_3            0x008c48         Code  Gb  stm8s_it.o [1]
_interrupt_4            0x008c49         Code  Gb  stm8s_it.o [1]
_interrupt_5            0x008c4a         Code  Gb  stm8s_it.o [1]
_interrupt_6            0x008c4b         Code  Gb  stm8s_it.o [1]
_interrupt_7            0x008c4c         Code  Gb  stm8s_it.o [1]
_interrupt_8            0x008c4d         Code  Gb  stm8s_it.o [1]
_interrupt_9            0x008c4e         Code  Gb  stm8s_it.o [1]
assert_failed           0x008c44    0x2  Code  Gb  main.o [1]
clk_config_16MHz_hsi    0x008b6b   0x19  Code  Gb  main.o [1]
delay_ms                0x008b84   0x18  Code  Gb  main.o [1]
delay_us                0x008c06   0x12  Code  Gb  main.o [1]
exit                    0x008c3e    0x3  Code  Gb  exit.o [4]
hours                   0x00002a    0x1  Data  Gb  main.o [1]
main                    0x0082c5   0xed  Code  Gb  main.o [1]
minute                  0x000029    0x1  Data  Gb  main.o [1]
ms                      0x000026    0x2  Data  Gb  main.o [1]
ngat_timer2             0x00896e   0x47  Code  Gb  main.o [1]
ngat_timer4             0x008528   0x9c  Code  Gb  main.o [1]
seconds                 0x000028    0x1  Data  Gb  main.o [1]
sys                     0x000024    0x1  Data  Gb  main.o [1]


[1] = C:\Users\USER\Desktop\Seven-segment display(demo)\Projects File\Debug\Obj
[2] = command line
[3] = dbgstm8smd.a
[4] = dlstm8smn.a

  2 685 bytes of readonly  code memory
    476 bytes of readonly  data memory
    303 bytes of readwrite data memory

Errors: none
Warnings: none
