###############################################################################
#
# IAR ELF Linker V2.20.1.176 for STM8                     13/Dec/2018  17:00:55
# Copyright 2010-2015 IAR Systems AB.
#
#    Output file  =  
#        C:\Users\Administrator\Desktop\stm8_km_3\Projects
#        File\Debug\Exe\templproj.out.tmp
#    Map file     =  
#        C:\Users\Administrator\Desktop\stm8_km_3\Projects
#        File\Debug\List\templproj.map
#    Command line =  
#        "C:\Users\Administrator\Desktop\stm8_km_3\Projects
#        File\Debug\Obj\main.o"
#        "C:\Users\Administrator\Desktop\stm8_km_3\Projects
#        File\Debug\Obj\stm8s_adc1.o"
#        "C:\Users\Administrator\Desktop\stm8_km_3\Projects
#        File\Debug\Obj\stm8s_awu.o"
#        "C:\Users\Administrator\Desktop\stm8_km_3\Projects
#        File\Debug\Obj\stm8s_beep.o"
#        "C:\Users\Administrator\Desktop\stm8_km_3\Projects
#        File\Debug\Obj\stm8s_clk.o"
#        "C:\Users\Administrator\Desktop\stm8_km_3\Projects
#        File\Debug\Obj\stm8s_exti.o"
#        "C:\Users\Administrator\Desktop\stm8_km_3\Projects
#        File\Debug\Obj\stm8s_flash.o"
#        "C:\Users\Administrator\Desktop\stm8_km_3\Projects
#        File\Debug\Obj\stm8s_gpio.o"
#        "C:\Users\Administrator\Desktop\stm8_km_3\Projects
#        File\Debug\Obj\stm8s_i2c.o"
#        "C:\Users\Administrator\Desktop\stm8_km_3\Projects
#        File\Debug\Obj\stm8s_it.o"
#        "C:\Users\Administrator\Desktop\stm8_km_3\Projects
#        File\Debug\Obj\stm8s_itc.o"
#        "C:\Users\Administrator\Desktop\stm8_km_3\Projects
#        File\Debug\Obj\stm8s_iwdg.o"
#        "C:\Users\Administrator\Desktop\stm8_km_3\Projects
#        File\Debug\Obj\stm8s_rst.o"
#        "C:\Users\Administrator\Desktop\stm8_km_3\Projects
#        File\Debug\Obj\stm8s_spi.o"
#        "C:\Users\Administrator\Desktop\stm8_km_3\Projects
#        File\Debug\Obj\stm8s_tim1.o"
#        "C:\Users\Administrator\Desktop\stm8_km_3\Projects
#        File\Debug\Obj\stm8s_tim2.o"
#        "C:\Users\Administrator\Desktop\stm8_km_3\Projects
#        File\Debug\Obj\stm8s_tim4.o"
#        "C:\Users\Administrator\Desktop\stm8_km_3\Projects
#        File\Debug\Obj\stm8s_uart1.o"
#        "C:\Users\Administrator\Desktop\stm8_km_3\Projects
#        File\Debug\Obj\stm8s_wwdg.o" --redirect _Printf=_PrintfFullNoMb
#        --redirect _Scanf=_ScanfFullNoMb -o
#        "C:\Users\Administrator\Desktop\stm8_km_3\Projects
#        File\Debug\Exe\templproj.out.tmp" --map
#        "C:\Users\Administrator\Desktop\stm8_km_3\Projects
#        File\Debug\List\templproj.map" --config "C:\Program Files (x86)\IAR
#        Systems\Embedded Workbench 7.3\stm8\config\lnkstm8s003f3.icf"
#        --config_def _CSTACK_SIZE=0x100 --config_def _HEAP_SIZE=0x100 --entry
#        __iar_program_start --debug_lib
#
###############################################################################

*******************************************************************************
*** RUNTIME MODEL ATTRIBUTES
***

__SystemLibrary            = DLib
__code_model               = small
__core                     = stm8
__data_model               = medium
__dlib_file_descriptor     = 0
__dlib_full_locale_support = 0
__rt_version               = 4


*******************************************************************************
*** PLACEMENT SUMMARY
***

"A1":  place at start of [0x000000-0x0000ff] { rw section .vregs };
"A2":  place at end of [0x000000-0x0003ff] { block CSTACK };
"P2":  place in [from 0x000000 to 0x0003ff] {
          block HEAP, rw section __DLIB_PERTHREAD, rw section .far.bss,
          rw section .far.data, rw section .far.noinit,
          rw section .far_func.textrw, rw section .huge.bss,
          rw section .huge.data, rw section .huge.noinit,
          rw section .huge_func.textrw, rw section .iar.dynexit,
          rw section .near.bss, rw section .near.data, rw section .near.noinit,
          rw section .near_func.textrw };
"A3":  place at start of [0x008000-0x009fff] { block INTVEC };
"P3":  place in [from 0x008000 to 0x009fff] {
          ro section __DLIB_PERTHREAD_init, ro section .far.data_init,
          ro section .far_func.textrw_init, ro section .huge.data_init,
          ro section .huge_func.textrw_init, ro section .iar.init_table,
          ro section .init_array, ro section .near.data_init,
          ro section .near.rodata, ro section .near_func.text,
          ro section .near_func.textrw_init, ro section .tiny.data_init,
          ro section .tiny.rodata_init };

  Section          Kind      Address   Size  Object
  -------          ----      -------   ----  ------
"A1":                                  0x10
  .vregs           uninit   0x000000   0x10  vregs.o [4]
                          - 0x000010   0x10

"P2":                                  0x19
  .near.bss        zero     0x000010    0xc  main.o [1]
  .near.bss        zero     0x00001c    0x4  main.o [1]
  .near.bss        zero     0x000020    0x4  main.o [1]
  .near.bss        zero     0x000024    0x4  main.o [1]
  .near.bss        zero     0x000028    0x1  main.o [1]
                          - 0x000029   0x19

"A2":                                 0x100
  CSTACK                    0x000300  0x100  <Block>
    CSTACK         uninit   0x000300  0x100  <Block tail>
                          - 0x000400  0x100

"A3":                                  0x80
  INTVEC                    0x008000   0x80  <Block>
    .intvec        const    0x008000   0x80  interrupt.o [4]
                          - 0x008080   0x80

"P3":                                 0xee7
  .near_func.text  ro code  0x008080  0x13b  long.o [4]
  .near_func.text  ro code  0x0081bb  0x131  stm8s_clk.o [1]
  .near_func.text  ro code  0x0082ec  0x114  stm8s_gpio.o [1]
  .near_func.text  ro code  0x008400   0xd1  stm8s_exti.o [1]
  .near_func.text  ro code  0x0084d1   0xc5  main.o [1]
  .near_func.text  ro code  0x008596   0xb1  vreg_util.o [4]
  .near_func.text  ro code  0x008647   0xac  stm8s_tim2.o [1]
  .near_func.text  ro code  0x0086f3   0x8b  stm8s_clk.o [1]
  .near_func.text  ro code  0x00877e   0x60  main.o [1]
  .near_func.text  ro code  0x0087de   0x5b  main.o [1]
  .near_func.text  ro code  0x008839   0x55  stm8s_tim2.o [1]
  .near_func.text  ro code  0x00888e   0x51  stm8s_tim4.o [1]
  .near_func.text  ro code  0x0088df   0x50  stm8s_tim4.o [1]
  .near_func.text  ro code  0x00892f   0x4e  main.o [1]
  .near.rodata     const    0x00897d   0x44  stm8s_exti.o [1]
  .near.rodata     const    0x0089c1   0x44  stm8s_gpio.o [1]
  .near.rodata     const    0x008a05   0x44  stm8s_iwdg.o [1]
  .near.rodata     const    0x008a49   0x44  stm8s_tim2.o [1]
  .near.rodata     const    0x008a8d   0x44  stm8s_tim4.o [1]
  .near_func.text  ro code  0x008ad1   0x44  stm8s_iwdg.o [1]
  .near.rodata     const    0x008b15   0x43  stm8s_clk.o [1]
  .near_func.text  ro code  0x008b58   0x43  stm8s_tim4.o [1]
  .near_func.text  ro code  0x008b9b   0x36  stm8s_clk.o [1]
  .near_func.text  ro code  0x008bd1   0x2f  stm8s_tim2.o [1]
  .near_func.text  ro code  0x008c00   0x2f  stm8s_tim2.o [1]
  .near_func.text  ro code  0x008c2f   0x2f  stm8s_tim2.o [1]
  .near_func.text  ro code  0x008c5e   0x2f  stm8s_tim4.o [1]
  .near_func.text  ro code  0x008c8d   0x2c  main.o [1]
  .near_func.text  ro code  0x008cb9   0x28  stm8s_tim2.o [1]
  .near_func.text  ro code  0x008ce1   0x26  stm8s_iwdg.o [1]
  .near_func.text  ro code  0x008d07   0x26  long_util.o [4]
  .near_func.text  ro code  0x008d2d   0x25  main.o [1]
  .near_func.text  ro code  0x008d52   0x25  dc_util.o [4]
  .near_func.text  ro code  0x008d77   0x24  stm8s_tim4.o [1]
  .near_func.text  ro code  0x008d9b   0x24  stm8s_tim4.o [1]
  .iar.init_table  const    0x008dbf    0x8  - Linker created -
  .near_func.text  ro code  0x008dc7   0x1e  short.o [4]
  .near_func.text  ro code  0x008de5   0x1e  init_small.o [4]
  .near_func.text  ro code  0x008e03   0x1c  main.o [1]
  .near_func.text  ro code  0x008e1f   0x19  main.o [1]
  .near_func.text  ro code  0x008e38   0x18  main.o [1]
  .near_func.text  ro code  0x008e50   0x17  init.o [4]
  .near_func.text  ro code  0x008e67   0x16  main.o [1]
  .near_func.text  ro code  0x008e7d   0x16  stm8s_it.o [1]
  .near_func.text  ro code  0x008e93   0x16  stm8s_it.o [1]
  .near_func.text  ro code  0x008ea9   0x16  stm8s_it.o [1]
  .near_func.text  ro code  0x008ebf   0x14  __dbg_xxexit.o [3]
  .near_func.text  ro code  0x008ed3   0x13  cstartup.o [4]
  .near_func.text  ro code  0x008ee6   0x12  main.o [1]
  .near_func.text  ro code  0x008ef8    0xf  main.o [1]
  .near_func.text  ro code  0x008f07    0xc  stm8s_tim2.o [1]
  .near_func.text  ro code  0x008f13    0x9  stm8s_gpio.o [1]
  .near_func.text  ro code  0x008f1c    0x7  stm8s_gpio.o [1]
  .near_func.text  ro code  0x008f23    0x7  stm8s_gpio.o [1]
  .near_func.text  ro code  0x008f2a    0x6  char.o [4]
  .near_func.text  ro code  0x008f30    0x5  stm8s_iwdg.o [1]
  .near_func.text  ro code  0x008f35    0x5  stm8s_iwdg.o [1]
  .near_func.text  ro code  0x008f3a    0x5  cexit.o [4]
  .near_func.text  ro code  0x008f3f    0x4  stm8s_gpio.o [1]
  .near_func.text  ro code  0x008f43    0x4  stm8s_iwdg.o [1]
  .near_func.text  ro code  0x008f47    0x3  interrupt.o [4]
  .near_func.text  ro code  0x008f4a    0x3  low_level_init.o [4]
  .near_func.text  ro code  0x008f4d    0x3  exit.o [4]
  .near_func.text  ro code  0x008f50    0x3  unhandled_exception.o [4]
  .near_func.text  ro code  0x008f53    0x2  main.o [1]
  .near_func.text  ro code  0x008f55    0x1  stm8s_it.o [1]
  .near_func.text  ro code  0x008f56    0x1  stm8s_it.o [1]
  .near_func.text  ro code  0x008f57    0x1  stm8s_it.o [1]
  .near_func.text  ro code  0x008f58    0x1  stm8s_it.o [1]
  .near_func.text  ro code  0x008f59    0x1  stm8s_it.o [1]
  .near_func.text  ro code  0x008f5a    0x1  stm8s_it.o [1]
  .near_func.text  ro code  0x008f5b    0x1  stm8s_it.o [1]
  .near_func.text  ro code  0x008f5c    0x1  stm8s_it.o [1]
  .near_func.text  ro code  0x008f5d    0x1  stm8s_it.o [1]
  .near_func.text  ro code  0x008f5e    0x1  stm8s_it.o [1]
  .near_func.text  ro code  0x008f5f    0x1  stm8s_it.o [1]
  .near_func.text  ro code  0x008f60    0x1  stm8s_it.o [1]
  .near_func.text  ro code  0x008f61    0x1  stm8s_it.o [1]
  .near_func.text  ro code  0x008f62    0x1  stm8s_it.o [1]
  .near_func.text  ro code  0x008f63    0x1  stm8s_it.o [1]
  .near_func.text  ro code  0x008f64    0x1  stm8s_it.o [1]
  .near_func.text  ro code  0x008f65    0x1  stm8s_it.o [1]
  .near_func.text  ro code  0x008f66    0x1  __dbg_break.o [3]
                          - 0x008f67  0xee7


*******************************************************************************
*** INIT TABLE
***

          Address   Size
          -------   ----
Zero (__iar_zero_init2)
    1 destination range, total size 0x19:
          0x000010  0x19



*******************************************************************************
*** MODULE SUMMARY
***

    Module                 ro code  ro data  rw data
    ------                 -------  -------  -------
C:\Users\Administrator\Desktop\stm8_km_3\Projects File\Debug\Obj: [1]
    main.o                     677                25
    stm8s_clk.o                498       67
    stm8s_exti.o               209       68
    stm8s_gpio.o               303       68
    stm8s_it.o                  83
    stm8s_iwdg.o               120       68
    stm8s_tim2.o               450       68
    stm8s_tim4.o               347       68
    ------------------------------------------------
    Total:                   2 687      407       25

command line: [2]
    ------------------------------------------------
    Total:

dbgstm8smd.a: [3]
    __dbg_break.o                1
    __dbg_xxexit.o              20
    ------------------------------------------------
    Total:                      21

dlstm8smn.a: [4]
    cexit.o                      5
    char.o                       6
    cstartup.o                  19
    dc_util.o                   37
    exit.o                       3
    init.o                      23
    init_small.o                30
    interrupt.o                  3      128
    long.o                     315
    long_util.o                 38
    low_level_init.o             3
    short.o                     30
    unhandled_exception.o        3
    vreg_util.o                177
    vregs.o                                       16
    ------------------------------------------------
    Total:                     692      128       16

    Linker created                        8      256
----------------------------------------------------
    Grand Total:             3 400      543      297


*******************************************************************************
*** ENTRY LIST
***

Entry                    Address   Size  Type      Object
-----                    -------   ----  ----      ------
.iar.init_table$$Base   0x008dbf          --   Gb  - Linker created -
.iar.init_table$$Limit  0x008dc7          --   Gb  - Linker created -
?add32_l0_l0_0x         0x008093         Code  Gb  long.o [4]
?b0                     0x000000         Data  Gb  vregs.o [4]
?b1                     0x000001         Data  Gb  vregs.o [4]
?b10                    0x00000a         Data  Gb  vregs.o [4]
?b11                    0x00000b         Data  Gb  vregs.o [4]
?b12                    0x00000c         Data  Gb  vregs.o [4]
?b13                    0x00000d         Data  Gb  vregs.o [4]
?b14                    0x00000e         Data  Gb  vregs.o [4]
?b15                    0x00000f         Data  Gb  vregs.o [4]
?b2                     0x000002         Data  Gb  vregs.o [4]
?b3                     0x000003         Data  Gb  vregs.o [4]
?b4                     0x000004         Data  Gb  vregs.o [4]
?b5                     0x000005         Data  Gb  vregs.o [4]
?b6                     0x000006         Data  Gb  vregs.o [4]
?b7                     0x000007         Data  Gb  vregs.o [4]
?b8                     0x000008         Data  Gb  vregs.o [4]
?b9                     0x000009         Data  Gb  vregs.o [4]
?dc32_l0                0x008d52         Code  Gb  dc_util.o [4]
?dc32_l1                0x008d5f         Code  Gb  dc_util.o [4]
?dc32_px                0x008d6c         Code  Gb  dc_util.o [4]
?e0                     0x000001         Data  Gb  vregs.o [4]
?e1                     0x000005         Data  Gb  vregs.o [4]
?e2                     0x000009         Data  Gb  vregs.o [4]
?e3                     0x00000d         Data  Gb  vregs.o [4]
?epilogue_l2            0x00861e         Code  Gb  vreg_util.o [4]
?epilogue_l2_w6         0x008622         Code  Gb  vreg_util.o [4]
?epilogue_w4            0x008629         Code  Gb  vreg_util.o [4]
?inc32_0x_0x            0x008085         Code  Gb  long.o [4]
?inc32_l0_l0            0x008080         Code  Gb  long.o [4]
?l0                     0x000000         Data  Gb  vregs.o [4]
?l1                     0x000004         Data  Gb  vregs.o [4]
?l2                     0x000008         Data  Gb  vregs.o [4]
?l3                     0x00000c         Data  Gb  vregs.o [4]
?load32_0x_l0           0x008d1f         Code  Gb  long_util.o [4]
?load32_l0_0x           0x008d07         Code  Gb  long_util.o [4]
?load32_l1_0x           0x008d13         Code  Gb  long_util.o [4]
?mov_e0_e2              0x008630         Code  Gb  vreg_util.o [4]
?mov_e2_e0              0x00863d         Code  Gb  vreg_util.o [4]
?mov_l0_l2              0x00862d         Code  Gb  vreg_util.o [4]
?mov_l2_l0              0x00863a         Code  Gb  vreg_util.o [4]
?mov_w1_w5              0x008633         Code  Gb  vreg_util.o [4]
?mov_w5_w1              0x008640         Code  Gb  vreg_util.o [4]
?mul16_x_x_w0           0x008dc7         Code  Gb  short.o [4]
?mul32_l0_l0_0x         0x0080ae         Code  Gb  long.o [4]
?mul32_l0_l0_dl         0x0080ab         Code  Gb  long.o [4]
?mul32_l0_l0_l1         0x0080b7         Code  Gb  long.o [4]
?pop_l0                 0x0085f5         Code  Gb  vreg_util.o [4]
?pop_l1                 0x008600         Code  Gb  vreg_util.o [4]
?pop_l2                 0x00860b         Code  Gb  vreg_util.o [4]
?pop_w4                 0x0085b3         Code  Gb  vreg_util.o [4]
?pop_w6                 0x0085ba         Code  Gb  vreg_util.o [4]
?push_l0                0x0085c9         Code  Gb  vreg_util.o [4]
?push_l1                0x0085ce         Code  Gb  vreg_util.o [4]
?push_l2                0x0085d3         Code  Gb  vreg_util.o [4]
?push_w4                0x008596         Code  Gb  vreg_util.o [4]
?push_w6                0x00859b         Code  Gb  vreg_util.o [4]
?sll8_a_a_5             0x008f2b         Code  Gb  char.o [4]
?sll8_a_a_6             0x008f2a         Code  Gb  char.o [4]
?srl32_0x_0x_a          0x0081ad         Code  Gb  long.o [4]
?srl32_l0_l0_a          0x0081aa         Code  Gb  long.o [4]
?udiv32_l0_dl_l1        0x008135         Code  Gb  long.o [4]
?udiv32_l0_l0_dl        0x00813a         Code  Gb  long.o [4]
?udiv32_l0_l0_l1        0x00813d         Code  Gb  long.o [4]
?umod32_l1_l0_l1        0x00813d         Code  Gb  long.o [4]
?w0                     0x000000         Data  Gb  vregs.o [4]
?w1                     0x000002         Data  Gb  vregs.o [4]
?w2                     0x000004         Data  Gb  vregs.o [4]
?w3                     0x000006         Data  Gb  vregs.o [4]
?w4                     0x000008         Data  Gb  vregs.o [4]
?w5                     0x00000a         Data  Gb  vregs.o [4]
?w6                     0x00000c         Data  Gb  vregs.o [4]
?w7                     0x00000e         Data  Gb  vregs.o [4]
ADC1_IRQHandler         0x008f64    0x1  Code  Gb  stm8s_it.o [1]
AWU_IRQHandler          0x008f57    0x1  Code  Gb  stm8s_it.o [1]
CLK_ClockSwitchConfig   0x0081bb  0x131  Code  Gb  stm8s_clk.o [1]
CLK_DeInit              0x008b9b   0x36  Code  Gb  stm8s_clk.o [1]
CLK_IRQHandler          0x008f58    0x1  Code  Gb  stm8s_it.o [1]
CLK_SYSCLKConfig        0x0086f3   0x8b  Code  Gb  stm8s_clk.o [1]
CSTACK$$Base            0x000300          --   Gb  - Linker created -
CSTACK$$Limit           0x000400          --   Gb  - Linker created -
EEPROM_EEC_IRQHandler   0x008f65    0x1  Code  Gb  stm8s_it.o [1]
EXTI_PORTA_IRQHandler   0x008e7d   0x16  Code  Gb  stm8s_it.o [1]
EXTI_PORTB_IRQHandler   0x008f59    0x1  Code  Gb  stm8s_it.o [1]
EXTI_PORTC_IRQHandler   0x008f5a    0x1  Code  Gb  stm8s_it.o [1]
EXTI_PORTD_IRQHandler   0x008f5b    0x1  Code  Gb  stm8s_it.o [1]
EXTI_PORTE_IRQHandler   0x008f5c    0x1  Code  Gb  stm8s_it.o [1]
EXTI_SetExtIntSensitivity
                        0x008400   0xd1  Code  Gb  stm8s_exti.o [1]
GPIO_Config             0x008c8d   0x2c  Code  Lc  main.o [1]
GPIO_Init               0x0082ec  0x114  Code  Gb  stm8s_gpio.o [1]
GPIO_ReadInputPin       0x008f13    0x9  Code  Gb  stm8s_gpio.o [1]
GPIO_WriteHigh          0x008f1c    0x7  Code  Gb  stm8s_gpio.o [1]
GPIO_WriteLow           0x008f3f    0x4  Code  Gb  stm8s_gpio.o [1]
GPIO_WriteReverse       0x008f23    0x7  Code  Gb  stm8s_gpio.o [1]
I2C_IRQHandler          0x008f63    0x1  Code  Gb  stm8s_it.o [1]
INTVEC$$Base            0x008000          --   Gb  - Linker created -
INTVEC$$Limit           0x008080          --   Gb  - Linker created -
IWDG_Enable             0x008f35    0x5  Code  Gb  stm8s_iwdg.o [1]
IWDG_ReloadCounter      0x008f30    0x5  Code  Gb  stm8s_iwdg.o [1]
IWDG_SetPrescaler       0x008ad1   0x44  Code  Gb  stm8s_iwdg.o [1]
IWDG_SetReload          0x008f43    0x4  Code  Gb  stm8s_iwdg.o [1]
IWDG_WriteAccessCmd     0x008ce1   0x26  Code  Gb  stm8s_iwdg.o [1]
IWDG_setup              0x008e67   0x16  Code  Gb  main.o [1]
Region$$Table$$Base     0x008dbf          --   Gb  - Linker created -
Region$$Table$$Limit    0x008dc7          --   Gb  - Linker created -
SPI_IRQHandler          0x008f5d    0x1  Code  Gb  stm8s_it.o [1]
TIM1_CAP_COM_IRQHandler
                        0x008f5f    0x1  Code  Gb  stm8s_it.o [1]
TIM1_UPD_OVF_TRG_BRK_IRQHandler
                        0x008f5e    0x1  Code  Gb  stm8s_it.o [1]
TIM2_ARRPreloadConfig   0x008c00   0x2f  Code  Gb  stm8s_tim2.o [1]
TIM2_CAP_COM_IRQHandler
                        0x008f60    0x1  Code  Gb  stm8s_it.o [1]
TIM2_ClearITPendingBit  0x008cb9   0x28  Code  Gb  stm8s_tim2.o [1]
TIM2_Cmd                0x008bd1   0x2f  Code  Gb  stm8s_tim2.o [1]
TIM2_Config             0x008d2d   0x25  Code  Lc  main.o [1]
TIM2_GetITStatus        0x008839   0x55  Code  Gb  stm8s_tim2.o [1]
TIM2_OC2Init            0x008647   0xac  Code  Gb  stm8s_tim2.o [1]
TIM2_OC2PreloadConfig   0x008c2f   0x2f  Code  Gb  stm8s_tim2.o [1]
TIM2_TimeBaseInit       0x008f07    0xc  Code  Gb  stm8s_tim2.o [1]
TIM2_UPD_OVF_BRK_IRQHandler
                        0x008e93   0x16  Code  Gb  stm8s_it.o [1]
TIM4_ClearFlag          0x008d77   0x24  Code  Gb  stm8s_tim4.o [1]
TIM4_ClearITPendingBit  0x008d9b   0x24  Code  Gb  stm8s_tim4.o [1]
TIM4_Cmd                0x008c5e   0x2f  Code  Gb  stm8s_tim4.o [1]
TIM4_GetITStatus        0x008b58   0x43  Code  Gb  stm8s_tim4.o [1]
TIM4_ITConfig           0x0088df   0x50  Code  Gb  stm8s_tim4.o [1]
TIM4_TimeBaseInit       0x00888e   0x51  Code  Gb  stm8s_tim4.o [1]
TIM4_UPD_OVF_IRQHandler
                        0x008ea9   0x16  Code  Gb  stm8s_it.o [1]
TLI_IRQHandler          0x008f56    0x1  Code  Gb  stm8s_it.o [1]
TRAP_IRQHandler         0x008f55    0x1  Code  Gb  stm8s_it.o [1]
UART1_RX_IRQHandler     0x008f62    0x1  Code  Gb  stm8s_it.o [1]
UART1_TX_IRQHandler     0x008f61    0x1  Code  Gb  stm8s_it.o [1]
__DebugBreak            0x008f66    0x1  Code  Gb  __dbg_break.o [3]
__exit                  0x008ebf   0x14  Code  Gb  __dbg_xxexit.o [3]
__iar_data_init2        0x008e50   0x17  Code  Gb  init.o [4]
__iar_program_start     0x008ed3         Code  Gb  cstartup.o [4]
__iar_unhandled_exception
                        0x008f50         Code  Gb  unhandled_exception.o [4]
__iar_zero_init2        0x008de5         Code  Gb  init_small.o [4]
__intvec                0x008000         Data  Gb  interrupt.o [4]
__low_level_init        0x008f4a    0x3  Code  Gb  low_level_init.o [4]
_exit                   0x008f3a         Code  Gb  cexit.o [4]
_interrupt_1            0x008f55         Code  Gb  stm8s_it.o [1]
_interrupt_12           0x008f5d         Code  Gb  stm8s_it.o [1]
_interrupt_13           0x008f5e         Code  Gb  stm8s_it.o [1]
_interrupt_14           0x008f5f         Code  Gb  stm8s_it.o [1]
_interrupt_15           0x008e93         Code  Gb  stm8s_it.o [1]
_interrupt_16           0x008f60         Code  Gb  stm8s_it.o [1]
_interrupt_19           0x008f61         Code  Gb  stm8s_it.o [1]
_interrupt_2            0x008f56         Code  Gb  stm8s_it.o [1]
_interrupt_20           0x008f62         Code  Gb  stm8s_it.o [1]
_interrupt_21           0x008f63         Code  Gb  stm8s_it.o [1]
_interrupt_24           0x008f64         Code  Gb  stm8s_it.o [1]
_interrupt_25           0x008ea9         Code  Gb  stm8s_it.o [1]
_interrupt_26           0x008f65         Code  Gb  stm8s_it.o [1]
_interrupt_3            0x008f57         Code  Gb  stm8s_it.o [1]
_interrupt_4            0x008f58         Code  Gb  stm8s_it.o [1]
_interrupt_5            0x008e7d         Code  Gb  stm8s_it.o [1]
_interrupt_6            0x008f59         Code  Gb  stm8s_it.o [1]
_interrupt_7            0x008f5a         Code  Gb  stm8s_it.o [1]
_interrupt_8            0x008f5b         Code  Gb  stm8s_it.o [1]
_interrupt_9            0x008f5c         Code  Gb  stm8s_it.o [1]
assert_failed           0x008f53    0x2  Code  Gb  main.o [1]
chon_chu_ky             0x00877e   0x60  Code  Gb  main.o [1]
chu_ky                  0x000024    0x4  Data  Gb  main.o [1]
clk_config_16MHz_hsi    0x008e1f   0x19  Code  Gb  main.o [1]
delay_ms                0x008e38   0x18  Code  Gb  main.o [1]
delay_us                0x008ee6   0x12  Code  Gb  main.o [1]
dem                     0x000028    0x1  Data  Gb  main.o [1]
exit                    0x008f4d    0x3  Code  Gb  exit.o [4]
main                    0x0087de   0x5b  Code  Gb  main.o [1]
ms                      0x000020    0x4  Data  Gb  main.o [1]
ngat_port_A             0x0084d1   0xc5  Code  Gb  main.o [1]
ngat_timer2             0x008ef8    0xf  Code  Gb  main.o [1]
ngat_timer4             0x00892f   0x4e  Code  Gb  main.o [1]
tan_so                  0x00001c    0x4  Data  Gb  main.o [1]
tb                      0x000010    0xc  Data  Gb  main.o [1]
timer4_init             0x008e03   0x1c  Code  Gb  main.o [1]


[1] = C:\Users\Administrator\Desktop\stm8_km_3\Projects File\Debug\Obj
[2] = command line
[3] = dbgstm8smd.a
[4] = dlstm8smn.a

  3 400 bytes of readonly  code memory
    543 bytes of readonly  data memory
    297 bytes of readwrite data memory

Errors: none
Warnings: none
