###############################################################################
#
# IAR ELF Linker V2.20.1.176 for STM8                     11/Aug/2019  20:29:59
# Copyright 2010-2015 IAR Systems AB.
#
#    Output file  =  
#        C:\Users\admin\Desktop\My_stm8 Wifi\Projects
#        File\Debug\Exe\Project_stm8s103.out
#    Map file     =  
#        C:\Users\admin\Desktop\My_stm8 Wifi\Projects
#        File\Debug\List\Project_stm8s103.map
#    Command line =  
#        "C:\Users\admin\Desktop\My_stm8 Wifi\Projects File\Debug\Obj\main.o"
#        "C:\Users\admin\Desktop\My_stm8 Wifi\Projects File\Debug\Obj\mywifi.o"
#        "C:\Users\admin\Desktop\My_stm8 Wifi\Projects
#        File\Debug\Obj\stm8s_adc1.o" "C:\Users\admin\Desktop\My_stm8
#        Wifi\Projects File\Debug\Obj\stm8s_awu.o"
#        "C:\Users\admin\Desktop\My_stm8 Wifi\Projects
#        File\Debug\Obj\stm8s_beep.o" "C:\Users\admin\Desktop\My_stm8
#        Wifi\Projects File\Debug\Obj\stm8s_clk.o"
#        "C:\Users\admin\Desktop\My_stm8 Wifi\Projects
#        File\Debug\Obj\stm8s_exti.o" "C:\Users\admin\Desktop\My_stm8
#        Wifi\Projects File\Debug\Obj\stm8s_flash.o"
#        "C:\Users\admin\Desktop\My_stm8 Wifi\Projects
#        File\Debug\Obj\stm8s_gpio.o" "C:\Users\admin\Desktop\My_stm8
#        Wifi\Projects File\Debug\Obj\stm8s_i2c.o"
#        "C:\Users\admin\Desktop\My_stm8 Wifi\Projects
#        File\Debug\Obj\stm8s_it.o" "C:\Users\admin\Desktop\My_stm8
#        Wifi\Projects File\Debug\Obj\stm8s_itc.o"
#        "C:\Users\admin\Desktop\My_stm8 Wifi\Projects
#        File\Debug\Obj\stm8s_iwdg.o" "C:\Users\admin\Desktop\My_stm8
#        Wifi\Projects File\Debug\Obj\stm8s_rst.o"
#        "C:\Users\admin\Desktop\My_stm8 Wifi\Projects
#        File\Debug\Obj\stm8s_spi.o" "C:\Users\admin\Desktop\My_stm8
#        Wifi\Projects File\Debug\Obj\stm8s_tim1.o"
#        "C:\Users\admin\Desktop\My_stm8 Wifi\Projects
#        File\Debug\Obj\stm8s_tim2.o" "C:\Users\admin\Desktop\My_stm8
#        Wifi\Projects File\Debug\Obj\stm8s_tim4.o"
#        "C:\Users\admin\Desktop\My_stm8 Wifi\Projects
#        File\Debug\Obj\stm8s_uart1.o" "C:\Users\admin\Desktop\My_stm8
#        Wifi\Projects File\Debug\Obj\stm8s_wwdg.o" --redirect
#        _Printf=_PrintfFullNoMb --redirect _Scanf=_ScanfFullNoMb -o
#        "C:\Users\admin\Desktop\My_stm8 Wifi\Projects
#        File\Debug\Exe\Project_stm8s103.out" --map
#        "C:\Users\admin\Desktop\My_stm8 Wifi\Projects
#        File\Debug\List\Project_stm8s103.map" --config "C:\Program Files
#        (x86)\IAR Systems\Embedded Workbench
#        7.3\stm8\config\lnkstm8s003f3.icf" --config_def _CSTACK_SIZE=0x100
#        --config_def _HEAP_SIZE=0x100 --entry __iar_program_start --debug_lib
#
###############################################################################

*******************************************************************************
*** RUNTIME MODEL ATTRIBUTES
***

__SystemLibrary            = DLib
__code_model               = small
__core                     = stm8
__data_model               = medium
__dlib_file_descriptor     = 0
__dlib_full_locale_support = 0
__rt_version               = 4


*******************************************************************************
*** PLACEMENT SUMMARY
***

"A1":  place at start of [0x000000-0x0000ff] { rw section .vregs };
"A2":  place at end of [0x000000-0x0003ff] { block CSTACK };
"P2":  place in [from 0x000000 to 0x0003ff] {
          block HEAP, rw section __DLIB_PERTHREAD, rw section .far.bss,
          rw section .far.data, rw section .far.noinit,
          rw section .far_func.textrw, rw section .huge.bss,
          rw section .huge.data, rw section .huge.noinit,
          rw section .huge_func.textrw, rw section .iar.dynexit,
          rw section .near.bss, rw section .near.data, rw section .near.noinit,
          rw section .near_func.textrw };
"A3":  place at start of [0x008000-0x009fff] { block INTVEC };
"P3":  place in [from 0x008000 to 0x009fff] {
          ro section __DLIB_PERTHREAD_init, ro section .far.data_init,
          ro section .far_func.textrw_init, ro section .huge.data_init,
          ro section .huge_func.textrw_init, ro section .iar.init_table,
          ro section .init_array, ro section .near.data_init,
          ro section .near.rodata, ro section .near_func.text,
          ro section .near_func.textrw_init, ro section .tiny.data_init,
          ro section .tiny.rodata_init };

  Section          Kind      Address    Size  Object
  -------          ----      -------    ----  ------
"A1":                                   0x10
  .vregs           uninit   0x000000    0x10  vregs.o [4]
                          - 0x000010    0x10

"P2":                                   0x5d
  .near.bss        zero     0x000010    0x32  mywifi.o [1]
  .near.bss        zero     0x000042    0x1e  mywifi.o [1]
  .near.bss        zero     0x000060     0x6  mywifi.o [1]
  .near.bss        zero     0x000066     0x1  mywifi.o [1]
  .near.bss        zero     0x000067     0x1  mywifi.o [1]
  .near.bss        zero     0x000068     0x1  mywifi.o [1]
  .near.bss        zero     0x000069     0x1  mywifi.o [1]
  .near.bss        zero     0x00006a     0x1  mywifi.o [1]
  .near.bss        zero     0x00006b     0x1  mywifi.o [1]
  .near.bss        zero     0x00006c     0x1  mywifi.o [1]
                          - 0x00006d    0x5d

"A2":                                  0x100
  CSTACK                    0x000300   0x100  <Block>
    CSTACK         uninit   0x000300   0x100  <Block tail>
                          - 0x000400   0x100

"A3":                                   0x80
  INTVEC                    0x008000    0x80  <Block>
    .intvec        const    0x008000    0x80  interrupt.o [4]
                          - 0x008080    0x80

"P3":                                 0x1010
  .near_func.text  ro code  0x008080   0x2de  mywifi.o [1]
  .near_func.text  ro code  0x00835e   0x226  stm8s_uart1.o [1]
  .near_func.text  ro code  0x008584   0x131  stm8s_clk.o [1]
  .near_func.text  ro code  0x0086b5   0x12b  long.o [4]
  .near_func.text  ro code  0x0087e0   0x114  stm8s_gpio.o [1]
  .near_func.text  ro code  0x0088f4   0x10c  vreg_util.o [4]
  .near_func.text  ro code  0x008a00    0xd0  stm8s_uart1.o [1]
  .near_func.text  ro code  0x008ad0    0x9e  stm8s_uart1.o [1]
  .near_func.text  ro code  0x008b6e    0x8b  stm8s_clk.o [1]
  .near_func.text  ro code  0x008bf9    0x57  stm8s_clk.o [1]
  .near_func.text  ro code  0x008c50    0x47  long_util.o [4]
  .near_func.text  ro code  0x008c97    0x44  short.o [4]
  .near_func.text  ro code  0x008cdb    0x44  strstr.o [4]
  .near.rodata     const    0x008d1f    0x3b  stm8s_uart1.o [1]
  .near.rodata     const    0x008d5a    0x3a  stm8s_gpio.o [1]
  .near.rodata     const    0x008d94    0x39  stm8s_clk.o [1]
  .near_func.text  ro code  0x008dcd    0x36  stm8s_clk.o [1]
  .near_func.text  ro code  0x008e03    0x2d  stm8s_uart1.o [1]
  .near_func.text  ro code  0x008e30    0x2a  main.o [1]
  .near_func.text  ro code  0x008e5a    0x25  dc_util.o [4]
  .near_func.text  ro code  0x008e7f    0x22  strcmp.o [4]
  .iar.init_table  const    0x008ea1     0x8  - Linker created -
  .near_func.text  ro code  0x008ea9    0x1e  init_small.o [4]
  .near_func.text  ro code  0x008ec7    0x1c  stm8s_it.o [1]
  .near_func.text  ro code  0x008ee3    0x19  main.o [1]
  .near_func.text  ro code  0x008efc    0x17  init.o [4]
  .near.rodata     const    0x008f13    0x14  mywifi.o [1]
  .near_func.text  ro code  0x008f27    0x14  __dbg_xxexit.o [3]
  .near_func.text  ro code  0x008f3b    0x13  mywifi.o [1]
  .near_func.text  ro code  0x008f4e    0x13  cstartup.o [4]
  .near_func.text  ro code  0x008f61    0x12  mywifi.o [1]
  .near_func.text  ro code  0x008f73    0x12  strlen.o [4]
  .near_func.text  ro code  0x008f85    0x11  main.o [1]
  .near.rodata     const    0x008f96     0xe  mywifi.o [1]
  .near.rodata     const    0x008fa4     0xe  mywifi.o [1]
  .near.rodata     const    0x008fb2     0xe  mywifi.o [1]
  .near.rodata     const    0x008fc0     0xd  mywifi.o [1]
  .near_func.text  ro code  0x008fcd     0xd  stm8s_uart1.o [1]
  .near.rodata     const    0x008fda     0xc  mywifi.o [1]
  .near.rodata     const    0x008fe6     0xc  mywifi.o [1]
  .near_func.text  ro code  0x008ff2     0xc  main.o [1]
  .near.rodata     const    0x008ffe     0xb  mywifi.o [1]
  .near.rodata     const    0x009009     0xa  mywifi.o [1]
  .near.rodata     const    0x009013     0x9  mywifi.o [1]
  .near.rodata     const    0x00901c     0x8  mywifi.o [1]
  .near.rodata     const    0x009024     0x8  mywifi.o [1]
  .near_func.text  ro code  0x00902c     0x7  stm8s_gpio.o [1]
  .near.rodata     const    0x009033     0x5  mywifi.o [1]
  .near.rodata     const    0x009038     0x5  mywifi.o [1]
  .near.rodata     const    0x00903d     0x5  mywifi.o [1]
  .near.rodata     const    0x009042     0x5  mywifi.o [1]
  .near.rodata     const    0x009047     0x5  mywifi.o [1]
  .near.rodata     const    0x00904c     0x5  mywifi.o [1]
  .near_func.text  ro code  0x009051     0x5  cexit.o [4]
  .near.rodata     const    0x009056     0x4  stm8s_clk.o [1]
  .near_func.text  ro code  0x00905a     0x4  stm8s_gpio.o [1]
  .near_func.text  ro code  0x00905e     0x4  stm8s_uart1.o [1]
  .near_func.text  ro code  0x009062     0x4  stm8s_uart1.o [1]
  .near.rodata     const    0x009066     0x3  mywifi.o [1]
  .near_func.text  ro code  0x009069     0x3  mywifi.o [1]
  .near_func.text  ro code  0x00906c     0x3  interrupt.o [4]
  .near_func.text  ro code  0x00906f     0x3  low_level_init.o [4]
  .near_func.text  ro code  0x009072     0x3  exit.o [4]
  .near_func.text  ro code  0x009075     0x3  unhandled_exception.o [4]
  .near.rodata     const    0x009078     0x2  mywifi.o [1]
  .near_func.text  ro code  0x00907a     0x2  main.o [1]
  .near_func.text  ro code  0x00907c     0x1  stm8s_it.o [1]
  .near_func.text  ro code  0x00907d     0x1  stm8s_it.o [1]
  .near_func.text  ro code  0x00907e     0x1  stm8s_it.o [1]
  .near_func.text  ro code  0x00907f     0x1  stm8s_it.o [1]
  .near_func.text  ro code  0x009080     0x1  stm8s_it.o [1]
  .near_func.text  ro code  0x009081     0x1  stm8s_it.o [1]
  .near_func.text  ro code  0x009082     0x1  stm8s_it.o [1]
  .near_func.text  ro code  0x009083     0x1  stm8s_it.o [1]
  .near_func.text  ro code  0x009084     0x1  stm8s_it.o [1]
  .near_func.text  ro code  0x009085     0x1  stm8s_it.o [1]
  .near_func.text  ro code  0x009086     0x1  stm8s_it.o [1]
  .near_func.text  ro code  0x009087     0x1  stm8s_it.o [1]
  .near_func.text  ro code  0x009088     0x1  stm8s_it.o [1]
  .near_func.text  ro code  0x009089     0x1  stm8s_it.o [1]
  .near_func.text  ro code  0x00908a     0x1  stm8s_it.o [1]
  .near_func.text  ro code  0x00908b     0x1  stm8s_it.o [1]
  .near_func.text  ro code  0x00908c     0x1  stm8s_it.o [1]
  .near_func.text  ro code  0x00908d     0x1  stm8s_it.o [1]
  .near_func.text  ro code  0x00908e     0x1  stm8s_it.o [1]
  .near_func.text  ro code  0x00908f     0x1  __dbg_break.o [3]
                          - 0x009090  0x1010


*******************************************************************************
*** INIT TABLE
***

          Address   Size
          -------   ----
Zero (__iar_zero_init2)
    1 destination range, total size 0x5d:
          0x000010  0x5d



*******************************************************************************
*** MODULE SUMMARY
***

    Module                 ro code  ro data  rw data
    ------                 -------  -------  -------
C:\Users\admin\Desktop\My_stm8 Wifi\Projects File\Debug\Obj: [1]
    main.o                      98
    mywifi.o                   774      180       93
    stm8s_clk.o                585       61
    stm8s_gpio.o               287       58
    stm8s_it.o                  47
    stm8s_uart1.o              982       59
    ------------------------------------------------
    Total:                   2 773      358       93

command line: [2]
    ------------------------------------------------
    Total:

dbgstm8smd.a: [3]
    __dbg_break.o                1
    __dbg_xxexit.o              20
    ------------------------------------------------
    Total:                      21

dlstm8smn.a: [4]
    cexit.o                      5
    cstartup.o                  19
    dc_util.o                   37
    exit.o                       3
    init.o                      23
    init_small.o                30
    interrupt.o                  3      128
    long.o                     299
    long_util.o                 71
    low_level_init.o             3
    short.o                     68
    strcmp.o                    34
    strlen.o                    18
    strstr.o                    68
    unhandled_exception.o        3
    vreg_util.o                268
    vregs.o                                       16
    ------------------------------------------------
    Total:                     952      128       16

    Linker created                        8      256
----------------------------------------------------
    Grand Total:             3 746      494      365


*******************************************************************************
*** ENTRY LIST
***

Entry                    Address   Size  Type      Object
-----                    -------   ----  ----      ------
.iar.init_table$$Base   0x008ea1          --   Gb  - Linker created -
.iar.init_table$$Limit  0x008ea9          --   Gb  - Linker created -
?b0                     0x000000         Data  Gb  vregs.o [4]
?b1                     0x000001         Data  Gb  vregs.o [4]
?b10                    0x00000a         Data  Gb  vregs.o [4]
?b11                    0x00000b         Data  Gb  vregs.o [4]
?b12                    0x00000c         Data  Gb  vregs.o [4]
?b13                    0x00000d         Data  Gb  vregs.o [4]
?b14                    0x00000e         Data  Gb  vregs.o [4]
?b15                    0x00000f         Data  Gb  vregs.o [4]
?b2                     0x000002         Data  Gb  vregs.o [4]
?b3                     0x000003         Data  Gb  vregs.o [4]
?b4                     0x000004         Data  Gb  vregs.o [4]
?b5                     0x000005         Data  Gb  vregs.o [4]
?b6                     0x000006         Data  Gb  vregs.o [4]
?b7                     0x000007         Data  Gb  vregs.o [4]
?b8                     0x000008         Data  Gb  vregs.o [4]
?b9                     0x000009         Data  Gb  vregs.o [4]
?dc32_l0                0x008e5a         Code  Gb  dc_util.o [4]
?dc32_l1                0x008e67         Code  Gb  dc_util.o [4]
?dc32_px                0x008e74         Code  Gb  dc_util.o [4]
?e0                     0x000001         Data  Gb  vregs.o [4]
?e1                     0x000005         Data  Gb  vregs.o [4]
?e2                     0x000009         Data  Gb  vregs.o [4]
?e3                     0x00000d         Data  Gb  vregs.o [4]
?epilogue_l2            0x00898f         Code  Gb  vreg_util.o [4]
?epilogue_l2_l3         0x00898c         Code  Gb  vreg_util.o [4]
?epilogue_l2_w6         0x008993         Code  Gb  vreg_util.o [4]
?epilogue_w4            0x00899a         Code  Gb  vreg_util.o [4]
?l0                     0x000000         Data  Gb  vregs.o [4]
?l1                     0x000004         Data  Gb  vregs.o [4]
?l2                     0x000008         Data  Gb  vregs.o [4]
?l3                     0x00000c         Data  Gb  vregs.o [4]
?load32_0x_l0           0x008c89         Code  Gb  long_util.o [4]
?load32_asp_l0          0x008c7d         Code  Gb  long_util.o [4]
?load32_dbsp_l0         0x008c78         Code  Gb  long_util.o [4]
?load32_l0_0x           0x008c60         Code  Gb  long_util.o [4]
?load32_l0_asp          0x008c55         Code  Gb  long_util.o [4]
?load32_l0_dbsp         0x008c50         Code  Gb  long_util.o [4]
?load32_l0_xsp          0x008c57         Code  Gb  long_util.o [4]
?load32_l1_0x           0x008c6c         Code  Gb  long_util.o [4]
?load32_xsp_l0          0x008c7f         Code  Gb  long_util.o [4]
?mov_e0_e2              0x0089a8         Code  Gb  vreg_util.o [4]
?mov_e0_e3              0x0089b5         Code  Gb  vreg_util.o [4]
?mov_e1_e0              0x0089c2         Code  Gb  vreg_util.o [4]
?mov_e1_e2              0x0089cf         Code  Gb  vreg_util.o [4]
?mov_e1_e3              0x0089dc         Code  Gb  vreg_util.o [4]
?mov_e2_e0              0x0089e9         Code  Gb  vreg_util.o [4]
?mov_e3_e0              0x0089f6         Code  Gb  vreg_util.o [4]
?mov_l0_l2              0x0089a5         Code  Gb  vreg_util.o [4]
?mov_l0_l3              0x0089b2         Code  Gb  vreg_util.o [4]
?mov_l1_l0              0x0089bf         Code  Gb  vreg_util.o [4]
?mov_l1_l2              0x0089cc         Code  Gb  vreg_util.o [4]
?mov_l1_l3              0x0089d9         Code  Gb  vreg_util.o [4]
?mov_l2_l0              0x0089e6         Code  Gb  vreg_util.o [4]
?mov_l3_l0              0x0089f3         Code  Gb  vreg_util.o [4]
?mov_w0_w4              0x00899e         Code  Gb  vreg_util.o [4]
?mov_w1_w5              0x0089ab         Code  Gb  vreg_util.o [4]
?mov_w1_w7              0x0089b8         Code  Gb  vreg_util.o [4]
?mov_w3_w1              0x0089c5         Code  Gb  vreg_util.o [4]
?mov_w3_w5              0x0089d2         Code  Gb  vreg_util.o [4]
?mov_w3_w7              0x0089df         Code  Gb  vreg_util.o [4]
?mov_w5_w1              0x0089ec         Code  Gb  vreg_util.o [4]
?mov_w7_w1              0x0089f9         Code  Gb  vreg_util.o [4]
?mul16_x_x_w0           0x008c97         Code  Gb  short.o [4]
?mul32_l0_l0_0x         0x0086d3         Code  Gb  long.o [4]
?mul32_l0_l0_dl         0x0086d0         Code  Gb  long.o [4]
?mul32_l0_l0_l1         0x0086dc         Code  Gb  long.o [4]
?pop_l0                 0x008958         Code  Gb  vreg_util.o [4]
?pop_l1                 0x008963         Code  Gb  vreg_util.o [4]
?pop_l2                 0x00896e         Code  Gb  vreg_util.o [4]
?pop_l3                 0x008979         Code  Gb  vreg_util.o [4]
?pop_w4                 0x008911         Code  Gb  vreg_util.o [4]
?pop_w6                 0x008918         Code  Gb  vreg_util.o [4]
?push_l0                0x008927         Code  Gb  vreg_util.o [4]
?push_l1                0x00892c         Code  Gb  vreg_util.o [4]
?push_l2                0x008931         Code  Gb  vreg_util.o [4]
?push_l3                0x008936         Code  Gb  vreg_util.o [4]
?push_w4                0x0088f4         Code  Gb  vreg_util.o [4]
?push_w6                0x0088f9         Code  Gb  vreg_util.o [4]
?sdiv16_x_x_y           0x008cb5         Code  Gb  short.o [4]
?sll16_x_x_a            0x008cce         Code  Gb  short.o [4]
?sll32_0x_0x_a          0x0087d2         Code  Gb  long.o [4]
?sll32_l0_l0_a          0x0087cf         Code  Gb  long.o [4]
?srl16_x_x_4            0x008cd6         Code  Gb  short.o [4]
?sub32_l0_l0_0x         0x0086b8         Code  Gb  long.o [4]
?sub32_l0_l0_l1         0x0086b5         Code  Gb  long.o [4]
?udiv32_l0_dl_l1        0x00875a         Code  Gb  long.o [4]
?udiv32_l0_l0_dl        0x00875f         Code  Gb  long.o [4]
?udiv32_l0_l0_l1        0x008762         Code  Gb  long.o [4]
?umod32_l1_l0_l1        0x008762         Code  Gb  long.o [4]
?w0                     0x000000         Data  Gb  vregs.o [4]
?w1                     0x000002         Data  Gb  vregs.o [4]
?w2                     0x000004         Data  Gb  vregs.o [4]
?w3                     0x000006         Data  Gb  vregs.o [4]
?w4                     0x000008         Data  Gb  vregs.o [4]
?w5                     0x00000a         Data  Gb  vregs.o [4]
?w6                     0x00000c         Data  Gb  vregs.o [4]
?w7                     0x00000e         Data  Gb  vregs.o [4]
ADC1_IRQHandler         0x00908c    0x1  Code  Gb  stm8s_it.o [1]
AWU_IRQHandler          0x00907e    0x1  Code  Gb  stm8s_it.o [1]
CLK_ClockSwitchConfig   0x008584  0x131  Code  Gb  stm8s_clk.o [1]
CLK_DeInit              0x008dcd   0x36  Code  Gb  stm8s_clk.o [1]
CLK_GetClockFreq        0x008bf9   0x57  Code  Gb  stm8s_clk.o [1]
CLK_IRQHandler          0x00907f    0x1  Code  Gb  stm8s_it.o [1]
CLK_SYSCLKConfig        0x008b6e   0x8b  Code  Gb  stm8s_clk.o [1]
CSTACK$$Base            0x000300          --   Gb  - Linker created -
CSTACK$$Limit           0x000400          --   Gb  - Linker created -
Check_ip                0x00827c   0x2c  Code  Gb  mywifi.o [1]
Cipsend                 0x008240   0x3c  Code  Gb  mywifi.o [1]
Client                  0x00006c    0x1  Data  Gb  mywifi.o [1]
Cmd_IPD                 0x0082fd   0x61  Code  Gb  mywifi.o [1]
EEPROM_EEC_IRQHandler   0x00908e    0x1  Code  Gb  stm8s_it.o [1]
EXTI_PORTA_IRQHandler   0x009080    0x1  Code  Gb  stm8s_it.o [1]
EXTI_PORTB_IRQHandler   0x009081    0x1  Code  Gb  stm8s_it.o [1]
EXTI_PORTC_IRQHandler   0x009082    0x1  Code  Gb  stm8s_it.o [1]
EXTI_PORTD_IRQHandler   0x009083    0x1  Code  Gb  stm8s_it.o [1]
EXTI_PORTE_IRQHandler   0x009084    0x1  Code  Gb  stm8s_it.o [1]
Error                   0x000069    0x1  Data  Gb  mywifi.o [1]
GPIO_Config             0x008ff2    0xc  Code  Gb  main.o [1]
GPIO_Init               0x0087e0  0x114  Code  Gb  stm8s_gpio.o [1]
GPIO_WriteHigh          0x00902c    0x7  Code  Gb  stm8s_gpio.o [1]
GPIO_WriteLow           0x00905a    0x4  Code  Gb  stm8s_gpio.o [1]
HSIDivFactor            0x009056    0x4  Data  Gb  stm8s_clk.o [1]
I2C_IRQHandler          0x00908b    0x1  Code  Gb  stm8s_it.o [1]
INTVEC$$Base            0x008000          --   Gb  - Linker created -
INTVEC$$Limit           0x008080          --   Gb  - Linker created -
IP                      0x000042   0x1e  Data  Gb  mywifi.o [1]
IPD                     0x000010   0x32  Data  Gb  mywifi.o [1]
JAS_IndexOf             0x008098   0x1c  Code  Gb  mywifi.o [1]
Led                     0x008f3b   0x13  Code  Gb  mywifi.o [1]
Link                    0x00006a    0x1  Data  Gb  mywifi.o [1]
Ok                      0x000068    0x1  Data  Gb  mywifi.o [1]
Region$$Table$$Base     0x008ea1          --   Gb  - Linker created -
Region$$Table$$Limit    0x008ea9          --   Gb  - Linker created -
Rx_data                 0x000060    0x6  Data  Gb  mywifi.o [1]
Rx_sta                  0x000066    0x1  Data  Gb  mywifi.o [1]
SPI_IRQHandler          0x009085    0x1  Code  Gb  stm8s_it.o [1]
TIM1_CAP_COM_IRQHandler
                        0x009087    0x1  Code  Gb  stm8s_it.o [1]
TIM1_UPD_OVF_TRG_BRK_IRQHandler
                        0x009086    0x1  Code  Gb  stm8s_it.o [1]
TIM2_CAP_COM_IRQHandler
                        0x009089    0x1  Code  Gb  stm8s_it.o [1]
TIM2_UPD_OVF_BRK_IRQHandler
                        0x009088    0x1  Code  Gb  stm8s_it.o [1]
TIM4_UPD_OVF_IRQHandler
                        0x00908d    0x1  Code  Gb  stm8s_it.o [1]
TLI_IRQHandler          0x00907d    0x1  Code  Gb  stm8s_it.o [1]
TRAP_IRQHandler         0x00907c    0x1  Code  Gb  stm8s_it.o [1]
UART1_Cmd               0x008fcd    0xd  Code  Gb  stm8s_uart1.o [1]
UART1_DeInit            0x008e03   0x2d  Code  Gb  stm8s_uart1.o [1]
UART1_GetFlagStatus     0x008ad0   0x9e  Code  Gb  stm8s_uart1.o [1]
UART1_ITConfig          0x008a00   0xd0  Code  Gb  stm8s_uart1.o [1]
UART1_Init              0x00835e  0x226  Code  Gb  stm8s_uart1.o [1]
UART1_RX_IRQHandler     0x008ec7   0x1c  Code  Gb  stm8s_it.o [1]
UART1_ReceiveData8      0x00905e    0x4  Code  Gb  stm8s_uart1.o [1]
UART1_SendData8         0x009062    0x4  Code  Gb  stm8s_uart1.o [1]
UART1_TX_IRQHandler     0x00908a    0x1  Code  Gb  stm8s_it.o [1]
UART_Config             0x008e30   0x2a  Code  Gb  main.o [1]
UART_Rx_Call            0x008176   0xca  Code  Gb  mywifi.o [1]
__DebugBreak            0x00908f    0x1  Code  Gb  __dbg_break.o [3]
__exit                  0x008f27   0x14  Code  Gb  __dbg_xxexit.o [3]
__iar_Strstr            0x008cdb   0x44  Code  Gb  strstr.o [4]
__iar_data_init2        0x008efc   0x17  Code  Gb  init.o [4]
__iar_program_start     0x008f4e         Code  Gb  cstartup.o [4]
__iar_unhandled_exception
                        0x009075         Code  Gb  unhandled_exception.o [4]
__iar_zero_init2        0x008ea9         Code  Gb  init_small.o [4]
__intvec                0x008000         Data  Gb  interrupt.o [4]
__low_level_init        0x00906f    0x3  Code  Gb  low_level_init.o [4]
_exit                   0x009051         Code  Gb  cexit.o [4]
_interrupt_1            0x00907c         Code  Gb  stm8s_it.o [1]
_interrupt_12           0x009085         Code  Gb  stm8s_it.o [1]
_interrupt_13           0x009086         Code  Gb  stm8s_it.o [1]
_interrupt_14           0x009087         Code  Gb  stm8s_it.o [1]
_interrupt_15           0x009088         Code  Gb  stm8s_it.o [1]
_interrupt_16           0x009089         Code  Gb  stm8s_it.o [1]
_interrupt_19           0x00908a         Code  Gb  stm8s_it.o [1]
_interrupt_2            0x00907d         Code  Gb  stm8s_it.o [1]
_interrupt_20           0x008ec7         Code  Gb  stm8s_it.o [1]
_interrupt_21           0x00908b         Code  Gb  stm8s_it.o [1]
_interrupt_24           0x00908c         Code  Gb  stm8s_it.o [1]
_interrupt_25           0x00908d         Code  Gb  stm8s_it.o [1]
_interrupt_26           0x00908e         Code  Gb  stm8s_it.o [1]
_interrupt_3            0x00907e         Code  Gb  stm8s_it.o [1]
_interrupt_4            0x00907f         Code  Gb  stm8s_it.o [1]
_interrupt_5            0x009080         Code  Gb  stm8s_it.o [1]
_interrupt_6            0x009081         Code  Gb  stm8s_it.o [1]
_interrupt_7            0x009082         Code  Gb  stm8s_it.o [1]
_interrupt_8            0x009083         Code  Gb  stm8s_it.o [1]
_interrupt_9            0x009084         Code  Gb  stm8s_it.o [1]
assert_failed           0x00907a    0x2  Code  Gb  main.o [1]
clk_config_16MHz_hsi    0x008ee3   0x19  Code  Gb  main.o [1]
delay_ms                0x008080   0x18  Code  Gb  mywifi.o [1]
delay_us                0x008f61   0x12  Code  Gb  mywifi.o [1]
exit                    0x009072    0x3  Code  Gb  exit.o [4]
ind                     0x000067    0x1  Data  Gb  mywifi.o [1]
info_IPD                0x00006b    0x1  Data  Gb  mywifi.o [1]
khoi_tao_wifi           0x0082a8   0x55  Code  Gb  mywifi.o [1]
main                    0x008f85   0x11  Code  Gb  main.o [1]
print                   0x0080c3   0x1e  Code  Gb  mywifi.o [1]
print_number            0x0080e1   0x95  Code  Gb  mywifi.o [1]
put_char                0x0080b4    0xf  Code  Gb  mywifi.o [1]
strcmp                  0x008e7f   0x22  Code  Gb  strcmp.o [4]
strlen                  0x008f73   0x12  Code  Gb  strlen.o [4]
strstr                  0x009069    0x3  Code  Gb  mywifi.o [1]


[1] = C:\Users\admin\Desktop\My_stm8 Wifi\Projects File\Debug\Obj
[2] = command line
[3] = dbgstm8smd.a
[4] = dlstm8smn.a

  3 746 bytes of readonly  code memory
    494 bytes of readonly  data memory
    365 bytes of readwrite data memory

Errors: none
Warnings: none
